---
source: debugger/src/debug_adapter/protocol.rs
assertion_line: 442
expression: output_str
---

