---
source: debugger/src/debug_adapter/protocol.rs
assertion_line: 479
expression: output_str
---
Content-Length: 156

{"body":{"category":"console","group":"probe-rs-debug","output":"EOF while parsing a string at line 1 column 49\n"},"event":"output","seq":1,"type":"event"}Content-Length: 145

{"body":{"message":"EOF while parsing a string at line 1 column 49\n","severity":"error"},"event":"probe-rs-show-message","seq":2,"type":"event"}
