---
source: gdb-server/src/target/desc.rs
assertion_line: 186
expression: description
---
<?xml version="1.0"?>
        <!DOCTYPE target SYSTEM "gdb-target.dtd">
        <target version="1.0">
        <architecture>armv6-m</architecture></target>
